[pushable +    0.0s] phase=fps stage=/workspace/sim/observatory_avatar.usd push=True mask=True
[pushable +   21.9s] stage root /Root (27406 prims), load 5.59
[pushable +   21.9s] physics: {'num_threads': 16, 'carb_task_threads': 16, 'min_frame_rate': 30, 'update_to_usd': True, 'fabric_enabled': None, 'scenes': [{'path': '/PhysicsScene', 'time_steps_per_second': 60, 'solver_type': 'TGS', 'enable_ccd': False, 'enable_gpu_dynamics': False, 'broadphase_type': 'MBP', 'enable_stabilization': False}]}
[sensor_factory]   collision disabled on 1486 prims entirely above 2.2 m
[pushable +  102.7s] deactivated /Root/Avatar/Controls -- this run drives the capsule itself
[pushable +  102.7s] CCT activated on /Root/Avatar/body_mesh via omni.physxcct CharacterController, driven from a pre-physics stage update node; interface: ['activate_cct', 'disable_first_person', 'disable_gravity', 'enable_custom_gravity', 'enable_first_person', 'enable_gravity', 'enable_worldspace_move', 'get_cct_event_stream', 'get_controller_height', 'has_gravity_enabled', 'remove_cct', 'set_controller_height', 'set_move', 'set_position']
[pushable +  102.8s] walk arms head for the prop centroid (-2.921146522558019, 9.79847419213681) from (-3.469, 4.305)
[pushable +  102.8s] playing; phase fps
[pushable +  109.3s]   A_static_idle: 16.72 ms/frame (59.81 fps), load 4.55
[pushable +  114.3s]   A_static_walk: 16.69 ms/frame (59.93 fps), load 5.71
[pushable_props] dynamic  /Root/Warehouse/S_WetFloorSign_2  1 kg  none -> convexDecomposition  (1 collider)  predicted dv 1.380 m/s per contact frame vs 0.082 lost to friction -> MOVES
[pushable_props] dynamic  /Root/Warehouse/S_TrafficCone_2  2 kg  none -> convexHull  (1 collider)  predicted dv 1.361 m/s per contact frame vs 0.082 lost to friction -> MOVES
[pushable_props] dynamic  /Root/Warehouse/S_WetFloorSign2  1 kg  none -> convexDecomposition  (1 collider)  predicted dv 1.380 m/s per contact frame vs 0.082 lost to friction -> MOVES
[pushable_props] dynamic  /Root/Warehouse/S_TrafficCone2  2 kg  none -> convexHull  (1 collider)  predicted dv 1.361 m/s per contact frame vs 0.082 lost to friction -> MOVES
[pushable_props] dynamic  /Root/Warehouse/S_TrafficCone3  2 kg  none -> convexHull  (1 collider)  predicted dv 1.361 m/s per contact frame vs 0.082 lost to friction -> MOVES
[pushable_props] dynamic  /Root/Warehouse/SM_CratePlasticNote_B_03_18  0.7 kg  none -> convexDecomposition  (1 collider)  predicted dv 1.386 m/s per contact frame vs 0.082 lost to friction -> MOVES
[pushable_props] dynamic  /Root/Warehouse/SM_CardBoxD_04_6  0.4 kg  none -> convexHull  (1 collider)  predicted dv 1.392 m/s per contact frame vs 0.082 lost to friction -> MOVES
[pushable_props] dynamic  /Root/Warehouse/SM_CardBoxB_3  1.1 kg  none -> convexHull  (1 collider)  predicted dv 1.378 m/s per contact frame vs 0.082 lost to friction -> MOVES
[pushable_props] dynamic  /Root/Warehouse/SM_CardBoxA_3  3.5 kg  none -> convexHull  (1 collider)  predicted dv 1.190 m/s per contact frame vs 0.082 lost to friction -> MOVES
[pushable_props] dynamic  /Root/Warehouse/SM_BarelPlastic_C_01_25  8 kg  none -> convexHull  (1 collider)  predicted dv 0.521 m/s per contact frame vs 0.082 lost to friction -> MOVES
[pushable_props] 10 props dynamic, 0 declared but not converted; stall mass 51.0 kg (F_max 250 N / g / mu_d 0.5)
[pushable +  118.9s] props converted at Stop; timeline restarted
[pushable +  124.7s]   B_dyn_idle: 16.71 ms/frame (59.85 fps), load 6.57
[pushable +  131.4s]   C_dyn_walk: 24.67 ms/frame (40.54 fps), load 6.02
[pushable +  131.4s] scene reset (Stop/Play) before the push arm
[pushable_props] push callback on (sweep): 10 bodies (0 of them robot proxies), M=70 kg, F_max=250 N, capsule r=0.300 half-h=0.575, 5 probes
[pushable +  140.8s]   D_push_walk: 33.23 ms/frame (30.1 fps), load 5.47
[pushable +  140.8s] wrote /isaac-sim/.nvidia-omniverse/logs/pushable_fps.json
[pushable +  140.8s] DONE
