[pushable +    0.0s] phase=fps stage=/workspace/sim/observatory_avatar.usd push=True mask=True
[pushable +   22.4s] stage root /Root (27406 prims), load 3.57
[pushable +   22.5s] physics: {'num_threads': 16, 'carb_task_threads': 16, 'min_frame_rate': 30, 'update_to_usd': True, 'fabric_enabled': None, 'scenes': [{'path': '/PhysicsScene', 'time_steps_per_second': 60, 'solver_type': 'TGS', 'enable_ccd': False, 'enable_gpu_dynamics': False, 'broadphase_type': 'MBP', 'enable_stabilization': False}]}
[pushable +  101.1s] deactivated /Root/Avatar/Controls -- this run drives the capsule itself
[pushable +  101.1s] CCT activated on /Root/Avatar/body_mesh via omni.physxcct CharacterController, driven from a pre-physics stage update node; interface: ['activate_cct', 'disable_first_person', 'disable_gravity', 'enable_custom_gravity', 'enable_first_person', 'enable_gravity', 'enable_worldspace_move', 'get_cct_event_stream', 'get_controller_height', 'has_gravity_enabled', 'remove_cct', 'set_controller_height', 'set_move', 'set_position']
[pushable +  101.1s] walk arms head for the prop centroid (-2.921146522558019, 9.79847419213681) from (-3.469, 4.305)
[pushable +  101.1s] playing; phase fps
[pushable +  107.6s]   A_static_idle: 16.68 ms/frame (59.96 fps), load 2.29
[pushable +  112.7s]   A_static_walk: 16.72 ms/frame (59.8 fps), load 2.75
[pushable_props] dynamic  /Root/Warehouse/S_WetFloorSign_2  1.5 kg  none -> convexDecomposition  (1 collider)  predicted dv 1.371 m/s per contact frame vs 0.082 lost to friction -> MOVES
[pushable_props] dynamic  /Root/Warehouse/S_TrafficCone_2  2 kg  none -> convexHull  (1 collider)  predicted dv 1.361 m/s per contact frame vs 0.082 lost to friction -> MOVES
[pushable_props] dynamic  /Root/Warehouse/S_WetFloorSign2  1.5 kg  none -> convexDecomposition  (1 collider)  predicted dv 1.371 m/s per contact frame vs 0.082 lost to friction -> MOVES
[pushable_props] dynamic  /Root/Warehouse/S_TrafficCone2  2 kg  none -> convexHull  (1 collider)  predicted dv 1.361 m/s per contact frame vs 0.082 lost to friction -> MOVES
[pushable_props] dynamic  /Root/Warehouse/S_TrafficCone3  2 kg  none -> convexHull  (1 collider)  predicted dv 1.361 m/s per contact frame vs 0.082 lost to friction -> MOVES
[pushable_props] dynamic  /Root/Warehouse/SM_CratePlasticNote_B_03_18  1.2 kg  none -> convexDecomposition  (1 collider)  predicted dv 1.376 m/s per contact frame vs 0.082 lost to friction -> MOVES
[pushable_props] dynamic  /Root/Warehouse/SM_CardBoxD_04_6  1.5 kg  none -> convexHull  (1 collider)  predicted dv 1.371 m/s per contact frame vs 0.082 lost to friction -> MOVES
[pushable_props] dynamic  /Root/Warehouse/SM_CardBoxA_3  8 kg  none -> convexHull  (1 collider)  predicted dv 0.521 m/s per contact frame vs 0.082 lost to friction -> MOVES
[pushable_props] dynamic  /Root/Warehouse/SM_CardBoxB_3  4 kg  none -> convexHull  (1 collider)  predicted dv 1.042 m/s per contact frame vs 0.082 lost to friction -> MOVES
[pushable_props] dynamic  /Root/Warehouse/SM_BarelPlastic_C_01_25  60 kg  none -> convexHull  (1 collider)  predicted dv 0.069 m/s per contact frame vs 0.082 lost to friction -> STAYS
[pushable_props] 10 props dynamic, 0 declared but not converted; stall mass 51.0 kg (F_max 250 N / g / mu_d 0.5)
[pushable +  117.3s] props converted at Stop; timeline restarted
[pushable +  123.0s]   B_dyn_idle: 16.69 ms/frame (59.92 fps), load 2.71
[pushable +  130.9s]   C_dyn_walk: 27.77 ms/frame (36.01 fps), load 3.06
[pushable +  130.9s] scene reset (Stop/Play) before the push arm
[pushable_props] push callback on (sweep): 10 bodies, M=70 kg, F_max=250 N, capsule r=0.300 half-h=0.575, 5 probes
[pushable +  140.3s]   D_push_walk: 33.21 ms/frame (30.11 fps), load 2.89
[pushable +  140.3s] wrote /isaac-sim/.nvidia-omniverse/logs/pushable_fps.json
[pushable +  140.3s] DONE
